2025-10-21T08:52:53.175-05:00  INFO 6756 --- [SysVentas] [JavaFX-Launcher] o.s.boot.SpringApplication               : Starting application using Java 17 with PID 6756 (started by SOFTWARE in D:\G3REALTLA\RONelReal\SysVentas)
2025-10-21T08:52:53.180-05:00  INFO 6756 --- [SysVentas] [JavaFX-Launcher] o.s.boot.SpringApplication               : No active profile set, falling back to 1 default profile: "default"
2025-10-21T08:52:53.908-05:00  INFO 6756 --- [SysVentas] [JavaFX-Launcher] .s.d.r.c.RepositoryConfigurationDelegate : Bootstrapping Spring Data JPA repositories in DEFAULT mode.
2025-10-21T08:52:54.018-05:00  INFO 6756 --- [SysVentas] [JavaFX-Launcher] .s.d.r.c.RepositoryConfigurationDelegate : Finished Spring Data repository scanning in 101 ms. Found 15 JPA repository interfaces.
2025-10-21T08:52:54.428-05:00  INFO 6756 --- [SysVentas] [JavaFX-Launcher] o.hibernate.jpa.internal.util.LogHelper  : HHH000204: Processing PersistenceUnitInfo [name: default]
2025-10-21T08:52:54.478-05:00  INFO 6756 --- [SysVentas] [JavaFX-Launcher] org.hibernate.Version                    : HHH000412: Hibernate ORM core version 6.6.29.Final
2025-10-21T08:52:54.506-05:00  INFO 6756 --- [SysVentas] [JavaFX-Launcher] o.h.c.internal.RegionFactoryInitiator    : HHH000026: Second-level cache disabled
2025-10-21T08:52:54.782-05:00  INFO 6756 --- [SysVentas] [JavaFX-Launcher] o.s.o.j.p.SpringPersistenceUnitInfo      : No LoadTimeWeaver setup: ignoring JPA class transformer
2025-10-21T08:52:54.844-05:00  INFO 6756 --- [SysVentas] [JavaFX-Launcher] com.zaxxer.hikari.HikariDataSource       : HikariPool-1 - Starting...
2025-10-21T08:52:54.964-05:00  INFO 6756 --- [SysVentas] [JavaFX-Launcher] com.zaxxer.hikari.pool.HikariPool        : HikariPool-1 - Added connection org.sqlite.jdbc4.JDBC4Connection@945d90d
2025-10-21T08:52:54.965-05:00  INFO 6756 --- [SysVentas] [JavaFX-Launcher] com.zaxxer.hikari.HikariDataSource       : HikariPool-1 - Start completed.
2025-10-21T08:52:55.002-05:00  INFO 6756 --- [SysVentas] [JavaFX-Launcher] org.hibernate.orm.connections.pooling    : HHH10001005: Database info:
	Database JDBC URL [Connecting through datasource 'HikariDataSource (HikariPool-1)']
	Database driver: undefined/unknown
	Database version: 3.46
	Autocommit mode: undefined/unknown
	Isolation level: undefined/unknown
	Minimum pool size: undefined/unknown
	Maximum pool size: undefined/unknown
2025-10-21T08:52:56.247-05:00  INFO 6756 --- [SysVentas] [JavaFX-Launcher] o.h.e.t.j.p.i.JtaPlatformInitiator       : HHH000489: No JTA platform available (set 'hibernate.transaction.jta.platform' to enable JTA platform integration)
2025-10-21T08:52:56.285-05:00  INFO 6756 --- [SysVentas] [JavaFX-Launcher] j.LocalContainerEntityManagerFactoryBean : Initialized JPA EntityManagerFactory for persistence unit 'default'
2025-10-21T08:52:56.642-05:00  INFO 6756 --- [SysVentas] [JavaFX-Launcher] o.s.d.j.r.query.QueryEnhancerFactory     : Hibernate is in classpath; If applicable, HQL parser will be used.
2025-10-21T08:52:57.934-05:00  INFO 6756 --- [SysVentas] [JavaFX-Launcher] o.s.boot.SpringApplication               : Started application in 5.301 seconds (process running for 6.149)
2025-10-21T08:54:17.391-05:00  INFO 6756 --- [SysVentas] [SpringApplicationShutdownHook] j.LocalContainerEntityManagerFactoryBean : Closing JPA EntityManagerFactory for persistence unit 'default'
2025-10-21T08:54:17.392-05:00  INFO 6756 --- [SysVentas] [SpringApplicationShutdownHook] com.zaxxer.hikari.HikariDataSource       : HikariPool-1 - Shutdown initiated...
2025-10-21T08:54:17.394-05:00  INFO 6756 --- [SysVentas] [SpringApplicationShutdownHook] com.zaxxer.hikari.HikariDataSource       : HikariPool-1 - Shutdown completed.
2025-10-21T08:59:17.897-05:00  INFO 5036 --- [SysVentas] [JavaFX-Launcher] o.s.boot.SpringApplication               : Starting application using Java 17 with PID 5036 (started by SOFTWARE in D:\G3REALTLA\RONelReal\SysVentas)
2025-10-21T08:59:17.900-05:00  INFO 5036 --- [SysVentas] [JavaFX-Launcher] o.s.boot.SpringApplication               : No active profile set, falling back to 1 default profile: "default"
2025-10-21T08:59:18.602-05:00  INFO 5036 --- [SysVentas] [JavaFX-Launcher] .s.d.r.c.RepositoryConfigurationDelegate : Bootstrapping Spring Data JPA repositories in DEFAULT mode.
2025-10-21T08:59:18.707-05:00  INFO 5036 --- [SysVentas] [JavaFX-Launcher] .s.d.r.c.RepositoryConfigurationDelegate : Finished Spring Data repository scanning in 98 ms. Found 15 JPA repository interfaces.
2025-10-21T08:59:19.088-05:00  INFO 5036 --- [SysVentas] [JavaFX-Launcher] o.hibernate.jpa.internal.util.LogHelper  : HHH000204: Processing PersistenceUnitInfo [name: default]
2025-10-21T08:59:19.125-05:00  INFO 5036 --- [SysVentas] [JavaFX-Launcher] org.hibernate.Version                    : HHH000412: Hibernate ORM core version 6.6.29.Final
2025-10-21T08:59:19.149-05:00  INFO 5036 --- [SysVentas] [JavaFX-Launcher] o.h.c.internal.RegionFactoryInitiator    : HHH000026: Second-level cache disabled
2025-10-21T08:59:19.418-05:00  INFO 5036 --- [SysVentas] [JavaFX-Launcher] o.s.o.j.p.SpringPersistenceUnitInfo      : No LoadTimeWeaver setup: ignoring JPA class transformer
2025-10-21T08:59:19.468-05:00  INFO 5036 --- [SysVentas] [JavaFX-Launcher] com.zaxxer.hikari.HikariDataSource       : HikariPool-1 - Starting...
2025-10-21T08:59:19.585-05:00  INFO 5036 --- [SysVentas] [JavaFX-Launcher] com.zaxxer.hikari.pool.HikariPool        : HikariPool-1 - Added connection org.sqlite.jdbc4.JDBC4Connection@758c1fa9
2025-10-21T08:59:19.587-05:00  INFO 5036 --- [SysVentas] [JavaFX-Launcher] com.zaxxer.hikari.HikariDataSource       : HikariPool-1 - Start completed.
2025-10-21T08:59:19.625-05:00  INFO 5036 --- [SysVentas] [JavaFX-Launcher] org.hibernate.orm.connections.pooling    : HHH10001005: Database info:
	Database JDBC URL [Connecting through datasource 'HikariDataSource (HikariPool-1)']
	Database driver: undefined/unknown
	Database version: 3.46
	Autocommit mode: undefined/unknown
	Isolation level: undefined/unknown
	Minimum pool size: undefined/unknown
	Maximum pool size: undefined/unknown
2025-10-21T08:59:20.920-05:00  INFO 5036 --- [SysVentas] [JavaFX-Launcher] o.h.e.t.j.p.i.JtaPlatformInitiator       : HHH000489: No JTA platform available (set 'hibernate.transaction.jta.platform' to enable JTA platform integration)
2025-10-21T08:59:20.956-05:00  INFO 5036 --- [SysVentas] [JavaFX-Launcher] j.LocalContainerEntityManagerFactoryBean : Initialized JPA EntityManagerFactory for persistence unit 'default'
2025-10-21T08:59:21.307-05:00  INFO 5036 --- [SysVentas] [JavaFX-Launcher] o.s.d.j.r.query.QueryEnhancerFactory     : Hibernate is in classpath; If applicable, HQL parser will be used.
2025-10-21T08:59:22.632-05:00  INFO 5036 --- [SysVentas] [JavaFX-Launcher] o.s.boot.SpringApplication               : Started application in 5.263 seconds (process running for 5.988)
2025-10-21T08:59:41.164-05:00  INFO 5036 --- [SysVentas] [SpringApplicationShutdownHook] j.LocalContainerEntityManagerFactoryBean : Closing JPA EntityManagerFactory for persistence unit 'default'
2025-10-21T08:59:41.166-05:00  INFO 5036 --- [SysVentas] [SpringApplicationShutdownHook] com.zaxxer.hikari.HikariDataSource       : HikariPool-1 - Shutdown initiated...
2025-10-21T08:59:41.168-05:00  INFO 5036 --- [SysVentas] [SpringApplicationShutdownHook] com.zaxxer.hikari.HikariDataSource       : HikariPool-1 - Shutdown completed.
